# STOCKHOLM 1.0
#=GF      NH ((AE013039.1/9145-9323:0.3910808817,AE001799.1/20444-20268:0.3376622139)node_116:0.5253933898,(AE006448.1/6071-6253:0.0940155812,(AF269536.1/680-500:0.2724450475,(AE016747.1/182196-182375:0.0080651569,(AF306669.1/1019-1194:0.0085335955,(AP003362.3/86114-86289:0.0044201319,(AP004826.1/205532-205707:0.0001051631,(AE016947.1/224792-224618:0.0216013901,(AE017274.1/20257-20449:0.0099521033,(AE017033.1/217118-217310:0.0130556605,(AE017007.1/287994-288186:0.0052067476,(AE010489.1/2647-2468:0.0141142610,(AE007856.1/5090-5262:0.2137752816,(AP003187.2/139222-139393:0.1221701288,(AE015944.1/195870-195703:0.0233508189,(AE004193.1/5679-5861:0.0249451096,(AE017154.1/86844-87014:0.0312858057,(AE007576.1/1562-1747:0.0628224203,(Z99121.2/6040-5861:0.1030279286,(AE013149.1/9167-9356:0.0767122527,(AL591976.1/186683-186486:0.0108633478,(AL596166.1/112469-112272:0.0040537632,(U32832.1/9495-9319:0.0430024152,(AE015937.1/285886-286061:0.0988472465,(AF270308.1/2156-2331:0.0211087990,(AP004827.1/261938-261763:0.0098767272,(AE007843.1/1920-1745:0.0257194872,(AP003194.2/187997-187828:0.0429137911,(AE015545.1/1265-1436:0.0934978146,(AP001517.1/215539-215348:0.1136029715,(AP001513.1/19957-19775:0.0386965374,(AP005076.1/290738-290918:0.1185087793,(AP004601.1/22341-22165:0.1238930952,(AP001512.1/119931-120105:0.1129613280,(AP005335.1/123141-123320:0.1028852530,(AE004361.1/7554-7382:0.0932529190,(AP001518.1/272531-272358:0.1471145915,(AE017000.1/234265-234084:0.0086453589,(AE017026.1/274819-274638:0.0125032137,(AE017267.1/95018-94836:0.0109416360,(M93419.1/332-511:0.0986816736,(J03294.1/2297-2476:0.0332320019,(AP003189.2/159236-159062:0.0961252166,(AP004598.1/253855-254037:0.1504648995,(AE006126.1/222-48:0.1424780559,(AE017029.1/246029-245843:0.0036184890,(AE017270.1/85304-85118:0.0082248886,(AE017003.1/180245-180059:0.0073439836,(AL935254.1/261916-262097:0.2049568888,(AE017269.1/77627-77808:0.0005521530,(AE017028.1/200117-200298:0.0007256834,(AE015829.1/4454-4280:0.0137411355,(AP005342.1/28132-28310:0.0098431157,(AP005082.1/169934-170112:0.0534519197,(AE004127.1/7715-7538:0.0087658364,(AE016770.1/235405-235209:0.0300185388,(X00008.1/296-492:0.0001615519,(U00006.1/98763-98567:0.0001000010,X15196.1/270-75:0.0211645370)node_60:0.0208146477)node_61:0.0003179659)node_62:0.5682781539)node_63:0.0907793738)node_64:0.0395011894)node_65:0.3653111406)node_66:0.8150272954)node_67:0.0004705034)node_68:0.1893322388)node_69:0.4974498996)node_70:0.0318101514)node_71:0.0039620552)node_72:0.3462339095)node_73:0.2318621806)node_74:0.1804652027)node_75:0.3907367381)node_76:0.1202422859)node_77:0.5063463732)node_78:0.0608076638)node_79:0.0009089909)node_80:0.3118689640)node_81:0.2640158710)node_82:0.2004379176)node_83:0.2590946109)node_84:0.2020955869)node_85:0.2856898497)node_86:0.4062047927)node_87:0.2326094051)node_88:0.2993848474)node_89:0.3853528708)node_90:0.1881174496)node_91:0.6318140703)node_92:0.1856734567)node_93:0.3919517912)node_94:0.2914760676)node_95:0.8053572692)node_96:0.0614436461)node_97:0.4465092521)node_98:0.2585299829)node_99:0.3191436763)node_100:0.5961160173)node_101:0.4073565007)node_102:0.5658135775)node_103:0.1959536193)node_104:0.1232262850)node_105:0.3213264571)node_106:0.7573510279)node_107:0.0174343884)node_108:0.0109886627)node_109:0.5119223578)node_110:0.9194599033)node_111:0.0001000010)node_112:0.0459985531)node_113:0.1515951036)node_114:0.6603579677)node_115:0.5723686206)node_117:0.5254007368)root;
#=GS      SS         M93419.1/332-511 Test #=GS annotation
#=GC SS_cons                          .....<<<<<<.....<<<<<<<<<............<<<<<<<<..................................>
                   J03294.1/2297-2476 GGUGAAGAUAGAGGU-GCGAACUUC-AAGA--GUA--UGCCUUUGGAGA-------AAGAUGGAUUC-UGUG------AA
#=GR      SS         M93419.1/332-511 ................<<<<<<<<<............<<<<<<<<..................................>
                     M93419.1/332-511 AGUGAAGAUAGAGGU-GCGAACUUC-AUCA--GUA--AAAGCUUGGAGAA------GAAUGAGCUUC-AAUG------AA
                   Z99121.2/6040-5861 CAGUGAGGUAGAGGUUGCGCGGAUG-AUGA--GUC--ACACAUGCUA---------GGCUGACAGGG-GCUGUUA---AA
             AE017003.1/180245-180059 ACGUGAGAUAGAGGUUGCGAUACUU-AUGA--GUA--UUCUAAUGGAGAC------ACAGAGAUGUC-UAUG------AA
             AE017026.1/274819-274638 CGGUGAGGUAGAGGUUGCAGUCAUU-AAGA--GUA--UCAUUUCUGGA--------GAUGUAGUGGC-AUUGAUG---AA
             AE017007.1/287994-288186 CGAUGAGGUAGAGGUUGCGACUUUU-AAGA--GUA--CGACGGAC-----------GAGACACAGAG-AAUGUCACCGAC
             AE017033.1/217118-217310 CGAUGAGGUAGAGGUUGCGACUUUU-AAGA--GUA--AAACGGAC-----------GAGAUACAGAG-AAUGUCUAAGAC
               AE017267.1/95018-94836 CGGUGAGGUAGAGGUUGCAGUCAUU-AAGA--GUA--UCAUUUCAGGA--------GAUGUAGUGGC-AUUGAUG---AA
               AE017270.1/85304-85118 ACGUGAGAUAGAGGUUGCGAUACUU-AUGA--GUA--UUCUAAUGGAGAC------ACAGAGAGGUC-UAUG------AA
             AE017029.1/246029-245843 ACGUGAGAUAGAGGUUGCGAUACUU-AUGA--GUA--UUCUAAUGGAGAC------ACAGAGAGGUC-CAUG------AA
             AE017028.1/200117-200298 CUCAAAGGUAGAGGCCGCGAUAGGA-AAGA--GUA--AGCUAUGGG----------AGAUUUAAUGG-AAUCUGUG--AU
               AE017274.1/20257-20449 CGAUGAGGUAGAGGUUGCGACUUUU-AAUA--GUA--AAACGGAC-----------GAGACACAGAG-AAUGUCUUAGAC
               AE017269.1/77627-77808 CUCAAAGGUAGAGGCCGCGAUAGGA-AAGA--GUA--AGCUAUGGG----------AGAUUUAAUGG-GAUCUGUG--AU
             AE017000.1/234265-234084 CGGUGAGGUAGAGGUUGCAAUCAUU-AAGA--GUA--UCAUUUCAGGA--------GAUGUAGUGGC-AUUGAUG---AA
               AP001513.1/19957-19775 AGUGAGGAUAGAGGU-GCAAAAACC-AAGA--GUA--CACAAUUGGAGGA------GAAUGAGAUCC-GUUG------AG
             AP001518.1/272531-272358 AGAUGGGGUAGAGGA-GCGGGUUUU-AAGA--GUA--AGCGCUUGG----------AGGAUGACAAC-GAGG------AU
             AP001517.1/215539-215348 AGUGAUGGUAGAGGU-GCGAAAACC-AAGA--GUA--CACAGUCUG----------AGAGAAAUGAG-AAUCGUUG--AC
             AP001512.1/119931-120105 GGAUGAGGUAGAGGU-GCAAUGCGA-AUCA--GUA--CCCACUUGG----------AGUUUGAUGGA-ACUAGG----AA
             AP004598.1/253855-254037 GUUUUGGAUAGAGGU-GCGGAGACC-AUCA--GUA--UAUACGCGGAAGG------GAAAUGAGCCCUAGUG------AA
               AP004601.1/22341-22165 CGGUGAGGUAGAGGA-GCAUACAAC-AUUA--GUA--AUCGACAAG----------AGGAUGACAAC-GAUG------AU
             AL596166.1/112469-112272 UGGUGAGGUAGAGGUUGCGAGAUGC-ACUA--GUA--AUUUUUUCGAGGCGAA---ACAAAGACGCC-AAUG------AC
             AL591976.1/186683-186486 UGGUGAGGUAGAGGUUGCGAGAUGC-ACUA--GUA--AUUUUUUCGAGGCGAA---ACAAAGACGCC-GACG------AC
             AE016747.1/182196-182375 AGAUUUUGAUGAGGC-GCAUCAAUC-AUGA--GUA--AACUUUAGAUAAUU-----UGUCUGCUAAC-AAUU-------A
                 AF306669.1/1019-1194 AUAUUUUGAUGAGGC-GCAUCAAUC-AUGA--GUA--AAGUUUAGAUUAC------UGUCUGCUAAC-AG---------C
                   AF269536.1/680-500 AAUAGAGUUAGAGGUUGCAUUAUUA-AUGA--CUA--ACUUAUCAGAAGUCGU---AUGGGACAUGU-GUUG------A-
                 AF270308.1/2156-2331 AAUAGAGUUAGAGGUUGCAUUAUUA-AUGA--CUA--ACUUAUCAGAAGUCGU---AUGGGACAUGU-GUUG------A-
               AP003362.3/86114-86289 AUAUUUUGAUGAGGC-GCAUCAAUC-AUGA--GUA--AAGUUUAGAUUAC------UGUCUGCUAAC-AG---------C
             AP004826.1/205532-205707 AUAUUUUGAUGAGGC-GCAUCAAUC-AUGA--GUA--AAGUUUAGAUUAC------UGUCUGCUAAC-AG---------C
             AP004827.1/261938-261763 AAUUGAGUUAGAGGUUGCAUGUUUA-AUUA--GUA--ACUUGUCAGAAGUAUUU--AUGGUACAUAA-GUUG------A-
             AP003187.2/139222-139393 GACCAAAGUAGAGGU-GCCGUAAUU-AAGA--GUA--GUCAUAAG-----------UAGCUGACAAG-UGUUUU----AU
             AE015937.1/285886-286061 UAGAAAGGUAGAGGC-GCGGUAUUU-AAUA--GUA--UCUGUACA-----------GAUAAAAGCAA-GAUG------AU
                 AE007576.1/1562-1747 ACCUUUUGUAGAGGU-GCUUUAAGUCAAGA--GUA--ACCGUUUGG----------AGUUGGCAAAC-UUAG------AU
                 AE007843.1/1920-1745 AACUGAGGUAGAGGC-GCAAAAUUU-AAGA--GUA--GAACUGUG-----------GAGACAAGCAC-UAUG------AA
             AP003194.2/187997-187828 AAAAGAGGUAGAGGC-GCGAGAAUC-AAGA--UUA--CUAAAAUGG----------AGUUAAGUAGC-GUAG------AA
             AE015944.1/195870-195703 ACCCAGGGUAGAGGA-GCUAUAAUU-AAGA--GUA--CUUAUCUU-----------AAACUGCCAAGUAAUG------AU
             AP003189.2/159236-159062 AACUGAGAUAGAGGC-GCGAUGAUU-AAUA--GUA--UCUUUGCA-----------GAGGUAAGCAC-AUUG------AA
                 AE007856.1/5090-5262 ACCUAGGGUAAAGGU-GCUGUAGUU-AUUA--UUA--UUUAUUCUU----------AGCUGGCAAGC-UUUG------AG
                 AE013149.1/9167-9356 AGGUGAGGUAGAGGC-GCGGGUCAUCAAGA--GUA--ACAUGCCAGAGG-------UGUUAAGGGCC-GAUG------AA
                 AE013039.1/9145-9323 CGCAUAAAUAGAGGA-GCUGCCAAGCAU----GUA--UUUGGCGAGGUGUUAAGGAGAAGAACCUCC-AAUA------CU
             AE016947.1/224792-224618 AAAAGAGGUAGAGGUCGCGGUUUUU-A-----UUA--CGCUUGUGG----------AGUGAGAGGAC-ACUGGG----AA
             AL935254.1/261916-262097 AUCGAAAGAAGAGGAUGCGGUUAAC-AAUA--GUA--GCCGGCUGGAAGU------GGGUCACCACU-UAUG------AA
                 AE006448.1/6071-6253 CACAUCGAUAGAGGUCGCAACUGAU-AUGAAUCUACGCCGAGUUGG----------AGCACAACAAA-GACG------CG
                 AE010489.1/2647-2468 AUAAAAAAUAGAGGU-GCAUAUAUGUA--G--GUA--GUGUGAAAAUGUUAAGG--UAUAAGCCACC-AAUG-------U
                 AE015829.1/4454-4280 AGGAACAGAAGAGGA-GCGUUAACU-A--G--GUA--GUCAAUCAGAGGA------GCACAAACUCC-AGCG------AU
                 AE015545.1/1265-1436 CCUUUAAGUAGAGGC-GCGCUGCCU-AUGA--CUA--CUUGUGCGG----------AGGGUGAUGCC-GCAG------AU
                 U00006.1/98763-98567 CAGGCCAGAAGAGGC-GCGUUGCCC-A--A--GUAA-CGGUGUUGGA---------GGAGCCAGUCC-UGUG------AU
                      X15196.1/270-75 GCAGCCAGAAGAGGC-GCGUUGCCA-A-----GUAA-CGGUGUUGGA---------GGAGCCAGUCC-UGUG------AU
             AE016770.1/235405-235209 CAGGCCAGAAGAGGC-GCGUUGCCC-A--A--GUAA-CGGUGUUGGA---------GGAGCCAGUCC-UGUG------AU
                     X00008.1/296-492 CAGGCCAGAAGAGGC-GCGUUGCCC-A--A--GUAA-CGGUGUUGGA---------GGAGCCAGUCC-UGUG------AU
                   U32832.1/9495-9319 UACAAAAGUAGAGGC-GCAAUUAUU-AUAA--GUA--UUUUUUCA-----------GAGUGGAUAAC-GAAG------AA
               AE017154.1/86844-87014 ACAAAUUGUAGAGGU-GCAAAUCCG-AUAA--GUA--UUUCUUCU-----------GAGUGGAAAGC-GAUG------AA
                    AE006126.1/222-48 UACUUGUGUAGAGGA-GCGAUCACU-AUAA--GUA--UUUUUUCU-----------GAGUGGAUAAC-GAAG------AG
                 AE004361.1/7554-7382 CCUUUAAGUAGAGGC-GCGCUGUUC-AUGA--GUC--GCCAGUCGU----------AGGUUGACCCC-GAUG------AU
                 AE004193.1/5679-5861 UUUCGCCGUAGAGGA-GCGGUUACG-AAAA--GUA--UCCACAGUU----------GGGGUGAUGCC-AAUG------AA
               AP005342.1/28132-28310 UUUUGCAGAAGAGGA-GCACUGCCC-A--G--GCA--GAUGUUUUGUGGA------GCCGCAACUCC-AACA------CA
             AP005076.1/290738-290918 UGUUGCCGUAGAGGC-GCAGUCUCG-AAGA--GUA--GCUAUUAUU----------GGGGUGAUGCC-AAUG------AA
             AP005082.1/169934-170112 UUAUGUAGAAGAGGA-GCACUGCCC-A--G--GCA--GAUGAUUUGUGGA------ACCGCAAUUCC-AAUA------CC
                 AE004127.1/7715-7538 UCUAGCAGAAGAGGA-GCACUGCCC-A--G--GCA--GAUGUUUUGUGGA------GCCUCAACUCC-AAUA------CA
             AP005335.1/123141-123320 UAUCGACGUAGAGGC-GCAAUGGUA-AAGA--GUA--ACUAUUAUU----------GGGGUGAUGCC-AAUG------AA
               AE001799.1/20444-20268 -GACCCGACGGAGGC-GCGCCCGAG-AUGA--GUA--GGCUGUCCC----------AUCAGGGGAGG-AAUCG-----GG

#=GC SS_cons                          >>>>>>>........>>>.>.>>>>>...<<<<<<<<<<<<..............>>>>>>>>.>>>><<<.<<<<.<<<
                   J03294.1/2297-2476 AAAGGCU-GAAAGG-GGA-GCGUCGCCGAAGCAAAUAAAACCCC-AUCG------GUAUUAUU-UGCUGGC-CGUG-CAU
#=GR      SS         M93419.1/332-511 >>>>>>>........>>>.>.>>>>>...<<<<<<<<<<<<..............>>>>>>>>.>>>><<<.<<<<.<<<
                     M93419.1/332-511 AAGCUUU-GAAAGG-GAACG-UUCGCCGAAGUGAAGAAAAA----CUCAUU----UUUUUCUU-UGCUGGU-CCUG-CAU
                   Z99121.2/6040-5861 CAUGUGU-AAAAGG-CAU-C-AGCGCCGAAGUGUGGAGAAAGCC-GAUC------CUUCUCUA-UGCUGGG-ACUG-UAU
             AE017003.1/180245-180059 CUUAGAU-GAAAGG-AAG-U-AUUGCCGAAAUUGAUAAAUUU---CUCU-G----CAUUUAUC-AAUUGGG-GCUG-UUU
             AE017026.1/274819-274638 GGAAUGA-GAAAGG-AAU-G-AUUGCCGAAGUAAGUUGUGUCC--ACCA-U----GCAC-ACU-UGCUGGG-UCUG-CAU
             AE017007.1/287994-288186 UCCGUUU-GAAAGG-AAA-A-GUUGCCGAAGUUUAUAUUUCUU--CUCU-G----GAAAUAUG-AGCUGGG-GCUG-UCU
             AE017033.1/217118-217310 UCCGUUU-GAAAGG-AAA-A-GUUGCCGAAGUUUAUAUUUCUU--CUCU-G----GAAAUAUG-AGCUGGG-GCUG-UGU
               AE017267.1/95018-94836 CGAAUGA-GAAAGG-AAU-G-AUUGCCGAAGUAAGCCCGUGUCC-ACCAUG----CAC--GCU-UGCUGGG-UCUG-CAU
               AE017270.1/85304-85118 AUUAGAU-GAAAGG-AAG-U-AUUGCCGAAAUCGAUAUAUUU---CUCU-G----UAUGUAUC-GAUUGGG-GCUG-UUU
             AE017029.1/246029-245843 AUUAGAU-GAAAGG-AAG-U-AUUGCCGAAAUCGAUAUAUUU---CUCU-G----UAUGUAUC-GAUUGGG-GCUG-UUU
             AE017028.1/200117-200298 CAUAGGUUGAAAGG-GAC-U-AUUGCCGAAAUAUAAGAAUAACC-AUCU------UAUUCAUA-UAUUGGG-ACUG-CAU
               AE017274.1/20257-20449 UCCGUUU-GAAAGG-AAA-A-GUUGCCGAAGUUUAUAUUUCUU--CUCU-G----GAAAUAUG-AGCUGGG-GCUG-UCU
               AE017269.1/77627-77808 CAUAGGUUGAAAGG-GAC-U-AUUGCCGAAAUAUAAGAAUAACC-AUCU------UAUUCAUA-UAUUGGG-ACUG-CAU
             AE017000.1/234265-234084 GGAAUGA-GAAAGG-AAU-G-GUUGCCGAAGUAAGUCGUGUCC--ACCA-U----GCAC-GCU-UGCUGGG-UCUG-CAU
               AP001513.1/19957-19775 AAUUGUG-GAAAGG-GGA-A-UUUGCCGAAGCUGGAAGAAU----CUCA-U----GUUCUGAA-GGCUGGU-UCUG-UAU
             AP001518.1/272531-272358 AAGCGCC-GAAAGG-AAA-A-CUCGCCGAAGC-GGAAGAUGA---GUCAAG----CGUCUUCU-UGCUGGG-GUUG-CAU
             AP001517.1/215539-215348 GACUGUUGGAAAGG-GGG-A-UUCGCCGAAGUGCAGAUCGGGG--CUCAUU----CCCAUUUG-CGCUGGA-CCUA-UGU
             AP001512.1/119931-120105 GAGUGGG-GAAAGG-UCA-A-UUUGCCGAAGUGAAUGUAUGUCC-AUCC------CAUACGUU-UGCUGGG-UCGU-UUU
             AP004598.1/253855-254037 GCGUAUG-GAAAGG-GGA-A-UCUGCCGAAGCGAGUGAAAUA---CUCAUU----CAUUAACU-CGUUGGU-GCUGCUAU
               AP004601.1/22341-22165 AGUUGGU-GGAAGG-GUU-G-UUUGCCGAAGC-AUAAUAAGG---GUCAGA----CUUAUUAU-UGCUGGU-ACAU-CUU
             AL596166.1/112469-112272 AAAAAAC-GAACAG-GUU-A-AUCGCCGAAGUGACUAUUUUUU--CUUU-GUAUCGAAAUAGU-UGUUGGG-ACAG-UUU
             AL591976.1/186683-186486 AAAGAAU-GAACAG-GUU-G-AUCGCCGAAGUGACUAUUUUCU--CUUU-GUUUAGAAAUAGU-UGUUGGG-ACAG-UUU
             AE016747.1/182196-182375 UAGAGUU-AAAAGG-GUG-A-GAUGCCGAAAUGAUUCAUAAU---AGCA-G----UUAUGAAU-CGUUGGA-CUUAAUGG
                 AF306669.1/1019-1194 UAAAUUU-GAAAGG-GUG-C-GAUGCCGAAGC-AAUUAUAAU---AGCA-G----UUAUAAUU-UGUUGGA-CUUUUUGG
                   AF269536.1/680-500 -AUAAGU-GAAAGG-UAA-U-AAUGCCGAAAUGAUGUUAUUUC--CAUA-A----AUUAGCAU-UGUGAAG-UUGG-UUG
                 AF270308.1/2156-2331 -AUAAGU-GAAAGG-UAA-U-AAUGCCGAAAUGAUGUUAUUUC--CAUA-A----AUUAGCAU-UGUUGGG-ACAA-CUU
               AP003362.3/86114-86289 UGAAUUU-GAAAGG-GUG-C-GAUGCCGAAGCGAUUAUAAU----AGCA------GUUAUAAUUUGUUGGA-CUUUUUGG
             AP004826.1/205532-205707 UAAAUUU-GAAAGG-GUG-C-GAUGCCGAAGCGAUUAUAAU----AGCA------GUUAUAAUUUGUUGGA-CUUUUUGG
             AP004827.1/261938-261763 -ACAAGU-GAAAGG-UAA-A-GAUGCCGAAAUAGAUAUAAAC---CAUA-A----AUUAUAUC-UAUUGGG-ACAG-UUU
             AP003187.2/139222-139393 GUAUGAU-GAAAGG-GAU-U-AUGGCCGAAGAGAUAUUAAU----GGUG------AUUAAUAU-UUCUGGG-UAUA-UGU
             AE015937.1/285886-286061 GUACAGU-GAAAGG-AAA-U-AUCGCCGAAGC-AUGCAGUUAAAGCUUUGA----UACUGUAU-GACUGGU-CUUA-UUU
                 AE007576.1/1562-1747 GAACGGU-AAAAGGGGCU-U-UUAGCCGAAGCAUUUAGAUU----GGCA------GAUUUAUU-UGCUGGC-UUUU-CAU
                 AE007843.1/1920-1745 GCAGUUU-AAAAGG-AAA-U-UUUGCCGAAGCGUAUAGCUAAUG-CUUU-A----AUGCUGUACUGCUGGG-UUUG-UAU
             AP003194.2/187997-187828 GUUUUAG-GAAAGG-GAU-U-AUCGCCGAAGUUUUUGGCUAAUA-CUUU-A----AGGCUAAA-UGCUGGG-GUUG-UAU
             AE015944.1/195870-195703 AGAUAGG-AAAAGG-AAU-U-AUAGCCGAAGAAAAUAGGGU----GGUA------A-UCUAUU-UUCUGGC-UUUG-CAU
             AP003189.2/159236-159062 GCAAAGU-GAAAGG-AUG-A-AUCGCCGAAACCAUUAGAAGAGG-CUUU-A----AUUCUAUUAGGUUGGG-GUUG-CAU
                 AE007856.1/5090-5262 GGAUAAA-GAAAGG-AAU-U-GCAGCCGAAGAAGGAUUUCC----GGCA------GGAACUUU-UUCUGGU-UUUG-UAU
                 AE013149.1/9167-9356 GGUGUGU-GAAAGG-GGU-G-CCCGCCGAAGC-GCGUAAACUUC-CUUAAG----GUUUACGC-AGCUGGG-CCUA-UGC
                 AE013039.1/9145-9323 CGCUGAA-GAA-GG-UUU-G-GCUGCCGAAAGGGUGAGCUUG---UUCU-U----GAGCUCAU-CCUUGGU-GGUA-AAC
             AE016947.1/224792-224618 GCAAGUU-UA--GG-AUC-A-AUCGCCGAAAUGCAUAACGGAGC-CUCU-U----CUGUUGUG-UGUUGGG-ACGU-AAG
             AL935254.1/261916-262097 GGUCAGU-GAACGG-GGC-A-ACCGCCGAAAUCGAUGGAUCAGU-GACC------GAUUCAUC-CGUUGGG-CCUU-GGU
                 AE006448.1/6071-6253 UAUUUAG-AGGAGG-AGA-G-GUUGCCGAAAGAAUUUUGUU----GCUC------AGCAAGGU-UCUUGGG-CUAG-UGA
                 AE010489.1/2647-2468 UUCACAU-GAAGGG-CAU-A-GUUGCCGAAAGAAAGUUAAUUG--CUUAUG----AUUAAUUU-UCUUGGU--CAA-UGU
                 AE015829.1/4454-4280 GAUUGAU-GAGGGA-GAU-U-AGCGCCGAGGCAUAGAUGUGGU--UGCU-G----CAUGUUUA-UGUCGGU-CGCU-UAG
                 AE015545.1/1265-1436 GUACAAG-GAAAGG-AGU-C-AGCGCCGAAGUAGCCAGGUC----AUCA------AACCGAGC-UGCUGGU-UUUG-CAU
                 U00006.1/98763-98567 AACACCU-GAGGGG-GUG-C-AUCGCCGAGGUGAUUGAACGGCU-GGCC-A----CGUUCA-U-CAUCGGC-UACA-GGG
                      X15196.1/270-75 AACACCU-GAGGGG-GUG-C-AUCGCCGAGGUGAUUGAACGGCU-GGCC-A----CGUUCA-U-CAUCGGC-UACA-GGG
             AE016770.1/235405-235209 AACACCU-GAGGGG-GUG-C-AUCGCCGAGGUGAUUGAACGGCU-GGCC-A----CGUUCA-U-CAUCGGCUACAG-GGG
                     X00008.1/296-492 AACACCU-GAGGGG-GUG-C-AUCGCCGAGGUGAUUGAACGGCU-GGCC-A----CGUUCA-U-CAUCGGC-UAAG-GGG
                   U32832.1/9495-9319 GAAAAAA-GAAAGG-AAU-A-GUUGCCGAAAUCAAAUAAAA----GUCG------UUUUGUUU-GGUUGGU-GGCG-UGC
               AE017154.1/86844-87014 GGGGAAG-GAAAGG-CGU-A-UUUGCCGAAAUCAAUUAAGC----GUCA------UCUUAGUU-GGUUGGG-GUCG-UUG
                    AE006126.1/222-48 GAAAAAG-GAAAGG-AGU-G-ACCGCCGAAAUCAAUUGAAA----GUCA------UUUUGAUU-GGUUGGU-GGCG-UAU
                 AE004361.1/7554-7382 GACUGGU-UAAAGG-GUA-C-AGCGCCGAAGUGAUCGUUGC----GUCA------UCAACGUU-CGCUGGG-CCAG-CAU
                 AE004193.1/5679-5861 UUGUGGA-AAAAGG-CGU-U-GCCGCCGAAGUCAACUUGCCC---AUCA-A----CGCA-GUU-GGCUGGG-GUUA-CAU
               AP005342.1/28132-28310 GAACAUU-CAGGGG-GAG-U-AGUGCCGAGGUAGAUCAAAAU---UGCAGG----AUUUGAUC-UGUCGGU-UGACUUGG
             AP005076.1/290738-290918 UAAUAGU-GGAAGG-CGAAG-AUUGCCGAAGUAAGUCGUAU----AUCA------AAACGCCU-UGCUGGG-GUUG-UAU
             AP005082.1/169934-170112 AAUCAUU-CAGGGG-GAG-U-AGUGCCGAGGUAAGUCAAAAU---UGCAGG----GUUUGGCU-UGUCGGU-UGACUUGG
                 AE004127.1/7715-7538 GAACAUU-CAGGGG-GAG-U-AGUGCCGAGGUGAAUCAAAGU---UGUG-G----CUUUGGUU-UAUCGGU-UGAA-CGG
             AP005335.1/123141-123320 UAAUAGU-GAAAGG-UAUCC-AUUGCCGAAGUGAAUUGCAU----AUCA------AAGCAGUU-UGCUGGG-GUUG-CAU
               AE001799.1/20444-20268 GACGGCU-GAAAGG-CGA-G-GGCGCCGAAGG-GUGCAGAGUUC-CUCCCG----CUCUGCAU-GCCUGGG-GGUA-UGG

#=GC SS_cons                          <.......>>>>.>>>>>>>.<<<<<<<.............................>>>>>>>.....>>>>>>.....
                   J03294.1/2297-2476 U--GAAUAAAUG-UAAGGCUGUCAAGAAA--UCA---------------------UUUUCUUGG-AGGGCUAUCUCGUUG
#=GR      SS         M93419.1/332-511 <.......>>>>.>>>>>>>.<<<<<<<.............................>>>>>>>................
                     M93419.1/332-511 U--UAAGAGAUG-CCGGAUUGUCAAGGCGG-UGC----------------------CGCCUUGG-AGAGCUAUCUCACUG
                   Z99121.2/6040-5861 CU-GAAUAAGUG-CAGGACUGCCGCGUGC--UUU-----------------------UUCGCGG-AGGGCUAUCCGGAGA
             AE017003.1/180245-180059 UC-GAAUAGAAA-CAGAACUGUCAUAUGU--ACAGACGUG---------------UACGUAUGA-AGAGCUAUCUACAAA
             AE017026.1/274819-274638 U--UAAUAAGUG-CAGAACUGUCACAAACG-UUU---------------------CGUUUGUGG-AGAGCUAUCGAGAGG
             AE017007.1/287994-288186 CC-GAAA-GGAA-CAGAACUGUCACGUUU--ACAAAAUUACCGUG----------UAAACGUGG-GGUGCUAUCUUAACG
             AE017033.1/217118-217310 CU-GAAA-GGAA-CAGAACUGUCACGUUU--ACAAAAUUACCGUG----------UAAACGUGG-GGUGCUAUCUUAACG
               AE017267.1/95018-94836 U--GAAUAAGUG-CAGAACUGUCACAAACG-UUU---------------------CGUUUGUGG-AGAGCUAUCGAGAGG
               AE017270.1/85304-85118 UC-GAAUAGAAA-CAGAACUGUCAUAUGU--ACAGACGCG---------------UAUGUAUGA-AGAGCUAUCUACAAA
             AE017029.1/246029-245843 UC-GAAUAGAAA-CAGAACUGUCAUAUGU--ACAGACAUG---------------UACGUAUGA-AGAGCUAUCUACAAA
             AE017028.1/200117-200298 U--GAAUAAAUG-UAGUACUGUCAUAAGA--UUU---------------------AUUUUAUGG-AGAGCUAUUUGGAGA
               AE017274.1/20257-20449 CC-GAAA-GGAA-CAGAACUGUCACGUUU--ACAAAAUUACCGUG----------UAAACGUGG-GGUGCUAUCUUAACG
               AE017269.1/77627-77808 U--GAAUAAAUG-UAGUACUGUCAUAAGA--UUU---------------------AUUUUAUGG-AGAGCUAUUUGGAGA
             AE017000.1/234265-234084 U--UAAUAAGUG-CAGAACUGUCACAAACG-UUU---------------------CGUUUGUGG-AGAGCUAUCGAGAGG
               AP001513.1/19957-19775 U--AAAUAAAUA-CAGAACUGUCAUAUAGC-GGAUGUU-----------------GCUAUAUGG-AGGGCUAUCUCACGC
             AP001518.1/272531-272358 U--GAAUAAAUG-UAACACUGUCACAGCAG-AUU-----------------------GCUGUGG-AGAACUACUAACGUU
             AP001517.1/215539-215348 U--GAAUAAGCA-UAGGGCUGUCACAACA--CUAGCCCCAACUA-----------GUGCUGUGG-AGAACUAUCUCACGU
             AP001512.1/119931-120105 U--GAAUAAAAA-ACGAACUGCCGCUGAC--UGU-----------------------U-AGCGG-AGAGCUAUCUGCCAA
             AP004598.1/253855-254037 U--GAACAAAUAACAGUGCUGUCAUAUAGG-AGA----------------------CUAUAUGG-AGGGCUAUCGAGCUG
               AP004601.1/22341-22165 U--GAAUAAAAG-AUGCACUGUCAUGCAAAAUUA---------------------AGUGCAUGG-AGAACUACUGAUCGA
             AL596166.1/112469-112272 CC-UAAA-GGAG-CUGGACUGCUAUAAGAA-UUUGUCGAAAU-------------UUCUUAUAGGUGUGCUAUCUGACAA
             AL591976.1/186683-186486 CC-UAAA-GGGG-CUGGACUGCUAUAAGAA-UUUGUCGAAAU-------------UUCUUAUAGGUGUGCUAUCUGACAA
             AE016747.1/182196-182375 U--UAAGAGCUA-UAAGUUUGUCAUUAUU--AUU---------------------AAAUAAUGG-AGUGCAUCACUUGUA
                 AF306669.1/1019-1194 U--UAAGAGCUG-AGAGUUUGUCAUUAUU--UAA---------------------AAAUAAUGG-AGUGCAUCACUUGUA
                   AF269536.1/680-500 AA-CAAUAAAAA-CAUCACAACCACGAAU--GCU-----------------------UUCUUCA-AUAUUUAUUUGAAUU
                 AF270308.1/2156-2331 UC-GAAUAGAAG-UUGUACUGUCACU-----UUA-------------------------UGUGA-UGUGCUACCUUAUAU
               AP003362.3/86114-86289 U--UAAGAGCUG-AGAGUUUGUCAUUAUU--UAA---------------------AAAUAAUGG-AGUGCAUCACUUGUA
             AP004826.1/205532-205707 U--UAAGAGCUG-AGAGUUUGUCAUUAUU--UAA---------------------AAAUAAUGG-AGUGCAUCACUUGUA
             AP004827.1/261938-261763 UC-GAAUAGGAA-CUGUACUGUCACA-----GAA-------------------------UGUGA-UGUGCUACCUUAUAU
             AP003187.2/139222-139393 A--UAAUAUGCA-UAUAACUGUCACUUUG--AAA-----------------------AAAGUGG-AGUGCUACAAGGUAC
             AE015937.1/285886-286061 A--AAAUAUGAA-UAAGAUUGUCACAAAA--UGA----------------------AUUUGUGG-AGAGCUAUCAUUCAA
                 AE007576.1/1562-1747 A--CAACAUAUG-AAUGGCUGUCACUUUA--UUAGUUAGUUAUUA----------GGUAAGUGG-AGCGCUACAAGGUAC
                 AE007843.1/1920-1745 A--AAAUAUGUG-CAAAACUGUCACAAAG--UAU----------------------AAUUGUGG-AGAACUAUCAUUGGU
             AP003194.2/187997-187828 A--GAAUAUAUA-CAACACUGUCACA-----AAA-------------------------UGUGG-AGAGCUAUCAUCUUA
             AE015944.1/195870-195703 A--AAAUAUGUG-UAAAGCUGUCACUUU----AA-----------------------AAAGUGU-UGAGCUACAGAGGUC
             AP003189.2/159236-159062 A--GAAUAUAUG-UAACACUGUCACAAAU--UAU-----------------------UUUGUGG-UGUGCUAUCAUGAAA
                 AE007856.1/5090-5262 A--AAAUAUAUG-CAGAACUGUCACUAUUC-UUU----------------------UAUAGUGG-AGAGCUACAAGGUGC
                 AE013149.1/9167-9356 C--GAACAGGUA-UAGGACUGUCACUGAAG-GCUCCCCAGGC-------------CUUCAGUGG-AGAGCUAUCUCGCUA
                 AE013039.1/9145-9323 -A-CAAA--GUU-UACCACUGUCAUGGGA--CCU-----------------------CCCAUGA-AGCGCUAUUUAUGCA
             AE016947.1/224792-224618 U--UAAGAGCUU-GCGGACUGUCUUAGUAG-UGA----------------------UGCUAAGU-UGUGCUAUGUUUCGU
             AL935254.1/261916-262097 U--GAAUAAAUC-AUGGACUGUCGCAGCUA-GAA---------------------UAGUUGCGG-GGCGCUAUCGACGAU
                 AE006448.1/6071-6253 G--AAAAACUCA-CUAGACUGUCGCAAAUG-GUUAAUA-----------------ACCAUGCGG-AGGGCUAUUCGUUCA
                 AE010489.1/2647-2468 ---CAACAAGCA-UUG-ACUGUCAUAUUC--UUU---------------------UGAAUAUGG-AGAGCUAUUUAUAGU
                 AE015829.1/4454-4280 GCUGAAU-CCU--AACGAUUGUCACCUG---UAA-----------------------UUGGUGG-AGAGCUUCUGGUGAC
                 AE015545.1/1265-1436 C--AAAUAGGUG-CAAGACUGCCAUAGUC--AUC----------------------CACUAUGG-AGCGCUACCUGAAGG
                 U00006.1/98763-98567 GCUGAAU-CCCC-UG-GGUUGUCACCAGA--AGCGUUCGCAGUCGGGCGUUUCGCAAGUGGUGG-AGCACUUCUGGGUGA
                      X15196.1/270-75 GCUGAAU-CCCC-UG-GGUUGUCACCAGA--AGCGUUCGCAGUCGGGCGUUUCGCAAGUGGUGG-AGCACUUCUGGGUGA
             AE016770.1/235405-235209 C--UAAA-UCCC-CUGGGUUGUCACCAGA--AGCGUUCGCAGUCGGGCGUUUCGCAAGUGGUGG-AGCACUUCUGGGUGA
                     X00008.1/296-492 GCUGAAU-CCC--CUGGGUUGUCACCAGA--AGCGUUCGCAGUCGGGCGUUUCGCAAGUGGUGG-AGCACUUCUGGGUGA
                   U32832.1/9495-9319 UC-GAAA-GGGG-CGACACUGUCAUAGUU--UUUCUGAU----------------UAACUAUGG-AGUGCUACGGUUGUU
               AE017154.1/86844-87014 CC-GAAA-GGGA-CGACACUGUCGUAAUUC-AAU-----------------------AUUACGG-AGUGCUACUAUUAGG
                    AE006126.1/222-48 UC-GAAA-GGAA-CGUCAUUGUCAUAGUC--UUUUUU------------------AAACUAUGG-AGCGCUACUGGUUGG
                 AE004361.1/7554-7382 U--GAACAAAUG-CCGGACUGCCAUAGUG--UGU---------------------UGUCUAUGG-AGCGCUACCUUGAAG
                 AE004193.1/5679-5861 U--CAAUAGGUG-UAACACUGCCAUAGUC--UAUAUUGUUGUU------------AAACUAUGG-AGCGCUACUGUAGGG
               AP005342.1/28132-28310 GUUGAGU-CCCA--UCAACUGUCAUCAGC--UCA---------------------GCCUGAUGA-AGAGCUUCUGAGAUG
             AP005076.1/290738-290918 CU-GAAA-GGAA-CAACACUGCCAUAGUA--UAUUUACAUU--------------AAACUAUGG-AGCGCUACUGUAGGG
             AP005082.1/169934-170112 GUUGAGU-CCCA--UCAACUGUCAUCAGC--ACC---------------------GUCUGAUGA-AGAGCUUCUGAGGGU
                 AE004127.1/7715-7538 GCUGAAU-CCC--UUCAACUGUCAUCAGCU-CGA---------------------AUCUGAUGA-AGAGCUUCUGAGGGA
             AP005335.1/123141-123320 CC-GAAA-GGAA-CAACACUGCCAUAGUA--UUUAAUGUA---------------UAACUAUGG-AGCGCUACUGUAGGU
               AE001799.1/20444-20268 G--GAAUACCCA-UACCACUGUCACGGAGG-UCU----------------------CUCCGUGG-AGAGCCGAUCGGGUC
//
